// Jest Snapshot v1, https://goo.gl/fbAQLP

exports[`Pruebas en AddCategory AddCategory deberia hacer match con el snapshot 1`] = `
<div>
  <form
    aria-label="form"
  >
    <input
      placeholder="Ingrese su busqueda"
      type="text"
      value=""
    />
  </form>
</div>
`;
