// Jest Snapshot v1, https://goo.gl/fbAQLP

exports[`Tests en GifCategory Deberia de hacer match con el snapshot 1`] = `
<div>
  <div
    class="card"
  >
    <p>
      Test
    </p>
    <img
      alt="Test"
      src="https://test.com/"
    />
  </div>
</div>
`;
