// Jest Snapshot v1, https://goo.gl/fbAQLP

exports[`Pruebas en FirstApp.jsx Debe hacer match con el snapshot 1`] = `
<div>
  <h1>
     
    Hola soy Rimuru
     
  </h1>
  <h2>
     
    No hay sub-titulo
     
  </h2>
</div>
`;
