// Jest Snapshot v1, https://goo.gl/fbAQLP

exports[`Pruebas en FirstApp.jsx Debe de hacer match con el snapshot 1`] = `
<div>
  <h1
    data-testid="test-title"
  >
     
    Hola! Soy Rimuru el slime!
     
  </h1>
  <h2>
     
    No hay sub-titulo
     
  </h2>
</div>
`;
